>BRK JMP JMP2 JMPk JMPr JMP2kr2kr ( Valid mnemonics )
#^^^ source.tal keyword.uxntal
#   ^ source.tal
#    ^^^ source.tal keyword.uxntal
#       ^ source.tal
#        ^^^^ source.tal keyword.uxntal
#            ^ source.tal
#             ^^^^ source.tal keyword.uxntal
#                 ^ source.tal
#                  ^^^^ source.tal keyword.uxntal
#                      ^ source.tal
#                       ^^^^^^^^^ source.tal keyword.uxntal
#                                ^ source.tal
#                                 ^ source.tal comment.uxntal
#                                  ^ source.tal
#                                   ^^^^^ source.tal comment.uxntal
#                                        ^ source.tal
#                                         ^^^^^^^^^ source.tal comment.uxntal
#                                                  ^ source.tal
#                                                   ^ source.tal comment.uxntal
>
>( Invalid modes )
#^ source.tal comment.uxntal
# ^ source.tal
#  ^^^^^^^ source.tal comment.uxntal
#         ^ source.tal
#          ^^^^^ source.tal comment.uxntal
#               ^ source.tal
#                ^ source.tal comment.uxntal
>BRK2 BRKk BRKr
#^^^^ source.tal entity.name.function.uxntal
#    ^ source.tal
#     ^^^^ source.tal entity.name.function.uxntal
#         ^ source.tal
#          ^^^^ source.tal entity.name.function.uxntal
>JCI2 JCIk JCIr
#^^^^ source.tal entity.name.function.uxntal
#    ^ source.tal
#     ^^^^ source.tal entity.name.function.uxntal
#         ^ source.tal
#          ^^^^ source.tal entity.name.function.uxntal
>JMI2 JMIk JMIr
#^^^^ source.tal entity.name.function.uxntal
#    ^ source.tal
#     ^^^^ source.tal entity.name.function.uxntal
#         ^ source.tal
#          ^^^^ source.tal entity.name.function.uxntal
>JSI2 JSIk JSIr
#^^^^ source.tal entity.name.function.uxntal
#    ^ source.tal
#     ^^^^ source.tal entity.name.function.uxntal
#         ^ source.tal
#          ^^^^ source.tal entity.name.function.uxntal
>
>aBRK BRKa BRK- BRK-JMP JMP2kr2jr JMPa JMP- ( Almost-mnemonics )
#^^^^ source.tal entity.name.function.uxntal
#    ^ source.tal
#     ^^^^ source.tal entity.name.function.uxntal
#         ^ source.tal
#          ^^^^ source.tal entity.name.function.uxntal
#              ^ source.tal
#               ^^^^^^^ source.tal entity.name.function.uxntal
#                      ^ source.tal
#                       ^^^^^^^^^ source.tal entity.name.function.uxntal
#                                ^ source.tal
#                                 ^^^^ source.tal entity.name.function.uxntal
#                                     ^ source.tal
#                                      ^^^^ source.tal entity.name.function.uxntal
#                                          ^ source.tal
#                                           ^ source.tal comment.uxntal
#                                            ^ source.tal
#                                             ^^^^^^^^^^^^^^^^ source.tal comment.uxntal
#                                                             ^ source.tal
#                                                              ^ source.tal comment.uxntal
>
>( All base mnemonics )
#^ source.tal comment.uxntal
# ^ source.tal
#  ^^^ source.tal comment.uxntal
#     ^ source.tal
#      ^^^^ source.tal comment.uxntal
#          ^ source.tal
#           ^^^^^^^^^ source.tal comment.uxntal
#                    ^ source.tal
#                     ^ source.tal comment.uxntal
>BRK JCI JMI JSI
#^^^ source.tal keyword.uxntal
#   ^ source.tal
#    ^^^ source.tal keyword.uxntal
#       ^ source.tal
#        ^^^ source.tal keyword.uxntal
#           ^ source.tal
#            ^^^ source.tal keyword.uxntal
>LIT INC POP NIP SWP ROT DUP OVR
#^^^ source.tal keyword.uxntal
#   ^ source.tal
#    ^^^ source.tal keyword.uxntal
#       ^ source.tal
#        ^^^ source.tal keyword.uxntal
#           ^ source.tal
#            ^^^ source.tal keyword.uxntal
#               ^ source.tal
#                ^^^ source.tal keyword.uxntal
#                   ^ source.tal
#                    ^^^ source.tal keyword.uxntal
#                       ^ source.tal
#                        ^^^ source.tal keyword.uxntal
#                           ^ source.tal
#                            ^^^ source.tal keyword.uxntal
>EQU NEQ GTH LTH JMP JCN JSR STH
#^^^ source.tal keyword.uxntal
#   ^ source.tal
#    ^^^ source.tal keyword.uxntal
#       ^ source.tal
#        ^^^ source.tal keyword.uxntal
#           ^ source.tal
#            ^^^ source.tal keyword.uxntal
#               ^ source.tal
#                ^^^ source.tal keyword.uxntal
#                   ^ source.tal
#                    ^^^ source.tal keyword.uxntal
#                       ^ source.tal
#                        ^^^ source.tal keyword.uxntal
#                           ^ source.tal
#                            ^^^ source.tal keyword.uxntal
>LDZ STZ LDR STR LDA STA DEI DEO
#^^^ source.tal keyword.uxntal
#   ^ source.tal
#    ^^^ source.tal keyword.uxntal
#       ^ source.tal
#        ^^^ source.tal keyword.uxntal
#           ^ source.tal
#            ^^^ source.tal keyword.uxntal
#               ^ source.tal
#                ^^^ source.tal keyword.uxntal
#                   ^ source.tal
#                    ^^^ source.tal keyword.uxntal
#                       ^ source.tal
#                        ^^^ source.tal keyword.uxntal
#                           ^ source.tal
#                            ^^^ source.tal keyword.uxntal
>ADD SUB MUL DIV AND ORA EOR SFT
#^^^ source.tal keyword.uxntal
#   ^ source.tal
#    ^^^ source.tal keyword.uxntal
#       ^ source.tal
#        ^^^ source.tal keyword.uxntal
#           ^ source.tal
#            ^^^ source.tal keyword.uxntal
#               ^ source.tal
#                ^^^ source.tal keyword.uxntal
#                   ^ source.tal
#                    ^^^ source.tal keyword.uxntal
#                       ^ source.tal
#                        ^^^ source.tal keyword.uxntal
#                           ^ source.tal
#                            ^^^ source.tal keyword.uxntal
>